// Jest Snapshot v1, https://goo.gl/fbAQLP

exports[`DocContainer Component To match snapshot of DocContainer 1`] = `
<ContextProviderWrapper
  useMockState={true}
>
  <DocContainer
    activeKey="keyPartners"
    allowFullScreen={true}
    hasAddOption={true}
    hasEditOption={true}
    isEmpty={true}
    message="Test Message"
  >
    <DocContainerstyle__DocContainerWrapper
      className="empty-state"
    >
      <div
        className="DocContainerstyle__DocContainerWrapper-sc-106t2xe-1 AKFyq empty-state"
      >
        <Blueprint3.Icon
          className="edit-option"
          icon="edit"
          iconSize={15}
        >
          <span
            className="bp3-icon bp3-icon-edit edit-option"
            icon="edit"
          >
            <svg
              data-icon="edit"
              height={15}
              viewBox="0 0 16 16"
              width={15}
            >
              <desc>
                edit
              </desc>
              <path
                d="M3.25 10.26l2.47 2.47 6.69-6.69-2.46-2.48-6.7 6.7zM.99 14.99l3.86-1.39-2.46-2.44-1.4 3.83zm12.25-14c-.48 0-.92.2-1.24.51l-1.44 1.44 2.47 2.47 1.44-1.44c.32-.32.51-.75.51-1.24.01-.95-.77-1.74-1.74-1.74z"
                fillRule="evenodd"
                key="0"
              />
            </svg>
          </span>
        </Blueprint3.Icon>
        <Blueprint3.Icon
          className="add-option joyride-sixth-step"
          icon="plus"
          iconSize={15}
          onClick={[Function]}
        >
          <span
            className="bp3-icon bp3-icon-plus add-option joyride-sixth-step"
            icon="plus"
            onClick={[Function]}
          >
            <svg
              data-icon="plus"
              height={15}
              viewBox="0 0 16 16"
              width={15}
            >
              <desc>
                plus
              </desc>
              <path
                d="M13 7H9V3c0-.55-.45-1-1-1s-1 .45-1 1v4H3c-.55 0-1 .45-1 1s.45 1 1 1h4v4c0 .55.45 1 1 1s1-.45 1-1V9h4c.55 0 1-.45 1-1s-.45-1-1-1z"
                fillRule="evenodd"
                key="0"
              />
            </svg>
          </span>
        </Blueprint3.Icon>
        <Blueprint3.Icon
          className="full-screen-option"
          icon="fullscreen"
          iconSize={15}
        >
          <span
            className="bp3-icon bp3-icon-fullscreen full-screen-option"
            icon="fullscreen"
          >
            <svg
              data-icon="fullscreen"
              height={15}
              viewBox="0 0 16 16"
              width={15}
            >
              <desc>
                fullscreen
              </desc>
              <path
                d="M3.41 2H5c.55 0 1-.45 1-1s-.45-1-1-1H1C.45 0 0 .45 0 1v4c0 .55.45 1 1 1s1-.45 1-1V3.41L5.29 6.7c.18.19.43.3.71.3a1.003 1.003 0 00.71-1.71L3.41 2zM6 9c-.28 0-.53.11-.71.29L2 12.59V11c0-.55-.45-1-1-1s-1 .45-1 1v4c0 .55.45 1 1 1h4c.55 0 1-.45 1-1s-.45-1-1-1H3.41l3.29-3.29c.19-.18.3-.43.3-.71 0-.55-.45-1-1-1zm9 1c-.55 0-1 .45-1 1v1.59L10.71 9.3A.965.965 0 0010 9a1.003 1.003 0 00-.71 1.71l3.3 3.29H11c-.55 0-1 .45-1 1s.45 1 1 1h4c.55 0 1-.45 1-1v-4c0-.55-.45-1-1-1zm0-10h-4c-.55 0-1 .45-1 1s.45 1 1 1h1.59l-3.3 3.29a1.003 1.003 0 001.42 1.42L14 3.41V5c0 .55.45 1 1 1s1-.45 1-1V1c0-.55-.45-1-1-1z"
                fillRule="evenodd"
                key="0"
              />
            </svg>
          </span>
        </Blueprint3.Icon>
        <Tips>
          <DocContainerstyle__TipsWrapper>
            <div
              className="DocContainerstyle__TipsWrapper-sc-106t2xe-0 fKaaIx"
            >
              <span
                className="message text-bold text-italic"
              >
                Useful Tips
              </span>
              <ul>
                <li>
                  <span
                    className="message"
                  >
                    Update Canvas Title, Version, and Effective Date from the header
                  </span>
                </li>
                <li>
                  <span
                    className="message"
                  >
                    Click on section title to see hints
                  </span>
                </li>
                <li>
                  <span
                    className="message"
                  >
                    Click on
                     
                    <code>
                      +
                    </code>
                     
                    button placed at top right to add new notes
                  </span>
                </li>
                <li>
                  <span
                    className="message"
                  >
                    Click on note to see menu
                  </span>
                </li>
                <li>
                  <span
                    className="message"
                  >
                    Open side navigation bar to
                  </span>
                  <ul>
                    <li>
                      Save File
                    </li>
                    <li>
                      Open Existing File
                    </li>
                    <li>
                      Start Presentation Mode
                    </li>
                  </ul>
                </li>
              </ul>
            </div>
          </DocContainerstyle__TipsWrapper>
        </Tips>
        <Note
          activeKey="keyPartners"
          item={
            Object {
              "background": "red",
              "color": "white",
              "description": "Test description",
              "key": 1587385449790,
              "title": "Test note 1",
            }
          }
          key="1587385449790"
        >
          <Blueprint3.Popover
            boundary="scrollParent"
            captureDismiss={false}
            content={
              <NoteMenu
                activeKey="keyPartners"
                noteKey={1587385449790}
              />
            }
            defaultIsOpen={false}
            disabled={false}
            fill={false}
            hasBackdrop={false}
            hoverCloseDelay={300}
            hoverOpenDelay={150}
            inheritDarkTheme={true}
            interactionKind="click"
            minimal={false}
            modifiers={Object {}}
            openOnTargetFocus={true}
            position="right-bottom"
            targetClassName="full-width"
            targetTagName="span"
            transitionDuration={300}
            usePortal={true}
            wrapperTagName="span"
          >
            <Manager>
              <span
                className="bp3-popover-wrapper"
              >
                <Reference
                  innerRef={[Function]}
                >
                  <InnerReference
                    innerRef={[Function]}
                    setReferenceNode={[Function]}
                  >
                    <Blueprint3.ResizeSensor
                      onResize={[Function]}
                    >
                      <span
                        className="bp3-popover-target full-width"
                        onClick={[Function]}
                      >
                        <Notestyle__NoteWrapper
                          bgColor="red"
                          className=""
                          color="white"
                          key=".0"
                        >
                          <div
                            className="Notestyle__NoteWrapper-sc-2z8c2g-0 hYtmWh"
                            color="white"
                          >
                            <Notestyle__NoteTitle>
                              <span
                                className="Notestyle__NoteTitle-sc-2z8c2g-1 gNJdcF"
                              >
                                Test note 1
                              </span>
                            </Notestyle__NoteTitle>
                            <Notestyle__NoteDescription>
                              <span
                                className="Notestyle__NoteDescription-sc-2z8c2g-2 ilDHHe"
                              >
                                Test description
                              </span>
                            </Notestyle__NoteDescription>
                          </div>
                        </Notestyle__NoteWrapper>
                      </span>
                    </Blueprint3.ResizeSensor>
                  </InnerReference>
                </Reference>
                <Blueprint3.Overlay
                  autoFocus={true}
                  backdropClassName="bp3-popover-backdrop"
                  backdropProps={Object {}}
                  canEscapeKeyClose={true}
                  canOutsideClickClose={true}
                  enforceFocus={true}
                  hasBackdrop={false}
                  isOpen={false}
                  lazy={true}
                  onClose={[Function]}
                  transitionDuration={300}
                  transitionName="bp3-popover"
                  usePortal={true}
                />
              </span>
            </Manager>
          </Blueprint3.Popover>
        </Note>
        <Note
          activeKey="keyPartners"
          item={
            Object {
              "background": "red",
              "color": "white",
              "description": "Test description",
              "key": 1587385449791,
              "title": "Test note 2",
            }
          }
          key="1587385449791"
        >
          <Blueprint3.Popover
            boundary="scrollParent"
            captureDismiss={false}
            content={
              <NoteMenu
                activeKey="keyPartners"
                noteKey={1587385449791}
              />
            }
            defaultIsOpen={false}
            disabled={false}
            fill={false}
            hasBackdrop={false}
            hoverCloseDelay={300}
            hoverOpenDelay={150}
            inheritDarkTheme={true}
            interactionKind="click"
            minimal={false}
            modifiers={Object {}}
            openOnTargetFocus={true}
            position="right-bottom"
            targetClassName="full-width"
            targetTagName="span"
            transitionDuration={300}
            usePortal={true}
            wrapperTagName="span"
          >
            <Manager>
              <span
                className="bp3-popover-wrapper"
              >
                <Reference
                  innerRef={[Function]}
                >
                  <InnerReference
                    innerRef={[Function]}
                    setReferenceNode={[Function]}
                  >
                    <Blueprint3.ResizeSensor
                      onResize={[Function]}
                    >
                      <span
                        className="bp3-popover-target full-width"
                        onClick={[Function]}
                      >
                        <Notestyle__NoteWrapper
                          bgColor="red"
                          className=""
                          color="white"
                          key=".0"
                        >
                          <div
                            className="Notestyle__NoteWrapper-sc-2z8c2g-0 hYtmWh"
                            color="white"
                          >
                            <Notestyle__NoteTitle>
                              <span
                                className="Notestyle__NoteTitle-sc-2z8c2g-1 gNJdcF"
                              >
                                Test note 2
                              </span>
                            </Notestyle__NoteTitle>
                            <Notestyle__NoteDescription>
                              <span
                                className="Notestyle__NoteDescription-sc-2z8c2g-2 ilDHHe"
                              >
                                Test description
                              </span>
                            </Notestyle__NoteDescription>
                          </div>
                        </Notestyle__NoteWrapper>
                      </span>
                    </Blueprint3.ResizeSensor>
                  </InnerReference>
                </Reference>
                <Blueprint3.Overlay
                  autoFocus={true}
                  backdropClassName="bp3-popover-backdrop"
                  backdropProps={Object {}}
                  canEscapeKeyClose={true}
                  canOutsideClickClose={true}
                  enforceFocus={true}
                  hasBackdrop={false}
                  isOpen={false}
                  lazy={true}
                  onClose={[Function]}
                  transitionDuration={300}
                  transitionName="bp3-popover"
                  usePortal={true}
                />
              </span>
            </Manager>
          </Blueprint3.Popover>
        </Note>
        <Note
          activeKey="keyPartners"
          item={
            Object {
              "background": undefined,
              "color": "white",
              "description": "Test description",
              "key": 1587385449792,
              "title": "",
            }
          }
          key="1587385449792"
        >
          <Blueprint3.Popover
            boundary="scrollParent"
            captureDismiss={false}
            content={
              <NoteMenu
                activeKey="keyPartners"
                noteKey={1587385449792}
              />
            }
            defaultIsOpen={false}
            disabled={false}
            fill={false}
            hasBackdrop={false}
            hoverCloseDelay={300}
            hoverOpenDelay={150}
            inheritDarkTheme={true}
            interactionKind="click"
            minimal={false}
            modifiers={Object {}}
            openOnTargetFocus={true}
            position="right-bottom"
            targetClassName="full-width"
            targetTagName="span"
            transitionDuration={300}
            usePortal={true}
            wrapperTagName="span"
          >
            <Manager>
              <span
                className="bp3-popover-wrapper"
              >
                <Reference
                  innerRef={[Function]}
                >
                  <InnerReference
                    innerRef={[Function]}
                    setReferenceNode={[Function]}
                  >
                    <Blueprint3.ResizeSensor
                      onResize={[Function]}
                    >
                      <span
                        className="bp3-popover-target full-width"
                        onClick={[Function]}
                      >
                        <Notestyle__NoteWrapper
                          className=""
                          color="white"
                          key=".0"
                        >
                          <div
                            className="Notestyle__NoteWrapper-sc-2z8c2g-0 hiIQbo"
                            color="white"
                          >
                            <Notestyle__NoteDescription>
                              <span
                                className="Notestyle__NoteDescription-sc-2z8c2g-2 ilDHHe"
                              >
                                Test description
                              </span>
                            </Notestyle__NoteDescription>
                          </div>
                        </Notestyle__NoteWrapper>
                      </span>
                    </Blueprint3.ResizeSensor>
                  </InnerReference>
                </Reference>
                <Blueprint3.Overlay
                  autoFocus={true}
                  backdropClassName="bp3-popover-backdrop"
                  backdropProps={Object {}}
                  canEscapeKeyClose={true}
                  canOutsideClickClose={true}
                  enforceFocus={true}
                  hasBackdrop={false}
                  isOpen={false}
                  lazy={true}
                  onClose={[Function]}
                  transitionDuration={300}
                  transitionName="bp3-popover"
                  usePortal={true}
                />
              </span>
            </Manager>
          </Blueprint3.Popover>
        </Note>
        <Note
          activeKey="keyPartners"
          item={
            Object {
              "background": "red",
              "color": "white",
              "description": "",
              "key": 1587385449793,
              "title": "Test note 2",
            }
          }
          key="1587385449793"
        >
          <Blueprint3.Popover
            boundary="scrollParent"
            captureDismiss={false}
            content={
              <NoteMenu
                activeKey="keyPartners"
                noteKey={1587385449793}
              />
            }
            defaultIsOpen={false}
            disabled={false}
            fill={false}
            hasBackdrop={false}
            hoverCloseDelay={300}
            hoverOpenDelay={150}
            inheritDarkTheme={true}
            interactionKind="click"
            minimal={false}
            modifiers={Object {}}
            openOnTargetFocus={true}
            position="right-bottom"
            targetClassName="full-width"
            targetTagName="span"
            transitionDuration={300}
            usePortal={true}
            wrapperTagName="span"
          >
            <Manager>
              <span
                className="bp3-popover-wrapper"
              >
                <Reference
                  innerRef={[Function]}
                >
                  <InnerReference
                    innerRef={[Function]}
                    setReferenceNode={[Function]}
                  >
                    <Blueprint3.ResizeSensor
                      onResize={[Function]}
                    >
                      <span
                        className="bp3-popover-target full-width"
                        onClick={[Function]}
                      >
                        <Notestyle__NoteWrapper
                          bgColor="red"
                          className=""
                          color="white"
                          key=".0"
                        >
                          <div
                            className="Notestyle__NoteWrapper-sc-2z8c2g-0 hYtmWh"
                            color="white"
                          >
                            <Notestyle__NoteTitle>
                              <span
                                className="Notestyle__NoteTitle-sc-2z8c2g-1 gNJdcF"
                              >
                                Test note 2
                              </span>
                            </Notestyle__NoteTitle>
                          </div>
                        </Notestyle__NoteWrapper>
                      </span>
                    </Blueprint3.ResizeSensor>
                  </InnerReference>
                </Reference>
                <Blueprint3.Overlay
                  autoFocus={true}
                  backdropClassName="bp3-popover-backdrop"
                  backdropProps={Object {}}
                  canEscapeKeyClose={true}
                  canOutsideClickClose={true}
                  enforceFocus={true}
                  hasBackdrop={false}
                  isOpen={false}
                  lazy={true}
                  onClose={[Function]}
                  transitionDuration={300}
                  transitionName="bp3-popover"
                  usePortal={true}
                />
              </span>
            </Manager>
          </Blueprint3.Popover>
        </Note>
      </div>
    </DocContainerstyle__DocContainerWrapper>
  </DocContainer>
</ContextProviderWrapper>
`;
